../Drivers/CMSIS/Include/core_cm3.h:1511:22:__NVIC_EnableIRQ	16	static
../Drivers/CMSIS/Include/core_cm3.h:1639:22:__NVIC_SetPriority	16	static
../Drivers/EXT_DRIVERS/button_driver.c:5:6:init_button	4	static
../Drivers/EXT_DRIVERS/button_driver.c:15:6:init_button2	4	static
../Drivers/EXT_DRIVERS/button_driver.c:25:5:button_status	4	static
../Drivers/EXT_DRIVERS/button_driver.c:37:5:button2_status	4	static
../Drivers/EXT_DRIVERS/button_driver.c:49:6:init_button_interrupt	8	static
../Drivers/EXT_DRIVERS/button_driver.c:67:6:init_button2_interrupt	8	static
../Drivers/EXT_DRIVERS/button_driver.c:85:6:EXTI0_IRQHandler	4	static
../Drivers/EXT_DRIVERS/button_driver.c:93:6:EXTI1_IRQHandler	4	static
